[    0.000000] Initializing cgroup subsys cpuset
[    0.000000] Initializing cgroup subsys cpu
[    0.000000] Initializing cgroup subsys cpuacct
[    0.000000] Linux version 4.4.0-92-generic (buildd@lcy01-17) (gcc version 5.4.0 20160609 (Ubuntu 5.4.0-6ubuntu1~16.04.4) ) #115-Ubuntu SMP Thu Aug 10 09:04:33 UTC 2017 (Ubuntu 4.4.0-92.115-generic 4.4.76)
[    0.000000] Command line: BOOT_IMAGE=/boot/vmlinuz-4.4.0-92-generic root=LABEL=cloudimg-rootfs ro console=tty1 console=ttyS0
[    0.000000] KERNEL supported cpus:
[    0.000000]   Intel GenuineIntel
[    0.000000]   AMD AuthenticAMD
[    0.000000]   Centaur CentaurHauls
[    0.000000] x86/fpu: xstate_offset[2]:  576, xstate_sizes[2]:  256
[    0.000000] x86/fpu: Supporting XSAVE feature 0x01: 'x87 floating point registers'
[    0.000000] x86/fpu: Supporting XSAVE feature 0x02: 'SSE registers'
[    0.000000] x86/fpu: Supporting XSAVE feature 0x04: 'AVX registers'
[    0.000000] x86/fpu: Enabled xstate features 0x7, context size is 832 bytes, using 'standard' format.
[    0.000000] x86/fpu: Using 'lazy' FPU context switches.
[    0.000000] e820: BIOS-provided physical RAM map:
[    0.000000] BIOS-e820: [mem 0x0000000000000000-0x000000000009fbff] usable
[    0.000000] BIOS-e820: [mem 0x000000000009fc00-0x000000000009ffff] reserved
[    0.000000] BIOS-e820: [mem 0x00000000000f0000-0x00000000000fffff] reserved
[    0.000000] BIOS-e820: [mem 0x0000000000100000-0x000000003ffeffff] usable
[    0.000000] BIOS-e820: [mem 0x000000003fff0000-0x000000003fffffff] ACPI data
[    0.000000] BIOS-e820: [mem 0x00000000fec00000-0x00000000fec00fff] reserved
[    0.000000] BIOS-e820: [mem 0x00000000fee00000-0x00000000fee00fff] reserved
[    0.000000] BIOS-e820: [mem 0x00000000fffc0000-0x00000000ffffffff] reserved
[    0.000000] NX (Execute Disable) protection: active
[    0.000000] SMBIOS 2.5 present.
[    0.000000] Hypervisor detected: KVM
[    0.000000] e820: last_pfn = 0x3fff0 max_arch_pfn = 0x400000000
[    0.000000] MTRR: Disabled
[    0.000000] x86/PAT: MTRRs disabled, skipping PAT initialization too.
[    0.000000] x86/PAT: Configuration [0-7]: WB  WT  UC- UC  WB  WT  UC- UC  
[    0.000000] CPU MTRRs all blank - virtualized system.
[    0.000000] found SMP MP-table at [mem 0x0009fff0-0x0009ffff] mapped at [ffff88000009fff0]
[    0.000000] Scanning 1 areas for low memory corruption
[    0.000000] RAMDISK: [mem 0x36aca000-0x3755cfff]
[    0.000000] ACPI: Early table checksum verification disabled
[    0.000000] ACPI: RSDP 0x00000000000E0000 000024 (v02 VBOX  )
[    0.000000] ACPI: XSDT 0x000000003FFF0030 00003C (v01 VBOX   VBOXXSDT 00000001 ASL  00000061)
[    0.000000] ACPI: FACP 0x000000003FFF00F0 0000F4 (v04 VBOX   VBOXFACP 00000001 ASL  00000061)
[    0.000000] ACPI: DSDT 0x000000003FFF0470 0021C8 (v02 VBOX   VBOXBIOS 00000002 INTL 20100528)
[    0.000000] ACPI: FACS 0x000000003FFF0200 000040
[    0.000000] ACPI: FACS 0x000000003FFF0200 000040
[    0.000000] ACPI: APIC 0x000000003FFF0240 00005C (v02 VBOX   VBOXAPIC 00000001 ASL  00000061)
[    0.000000] ACPI: SSDT 0x000000003FFF02A0 0001CC (v01 VBOX   VBOXCPUT 00000002 INTL 20100528)
[    0.000000] No NUMA configuration found
[    0.000000] Faking a node at [mem 0x0000000000000000-0x000000003ffeffff]
[    0.000000] NODE_DATA(0) allocated [mem 0x3ffeb000-0x3ffeffff]
[    0.000000] kvm-clock: Using msrs 4b564d01 and 4b564d00
[    0.000000] kvm-clock: cpu 0, msr 0:3ffe3001, primary cpu clock
[    0.000000] kvm-clock: using sched offset of 3742281107 cycles
[    0.000000] clocksource: kvm-clock: mask: 0xffffffffffffffff max_cycles: 0x1cd42e4dffb, max_idle_ns: 881590591483 ns
[    0.000000] Zone ranges:
[    0.000000]   DMA      [mem 0x0000000000001000-0x0000000000ffffff]
[    0.000000]   DMA32    [mem 0x0000000001000000-0x000000003ffeffff]
[    0.000000]   Normal   empty
[    0.000000]   Device   empty
[    0.000000] Movable zone start for each node
[    0.000000] Early memory node ranges
[    0.000000]   node   0: [mem 0x0000000000001000-0x000000000009efff]
[    0.000000]   node   0: [mem 0x0000000000100000-0x000000003ffeffff]
[    0.000000] Initmem setup node 0 [mem 0x0000000000001000-0x000000003ffeffff]
[    0.000000] ACPI: PM-Timer IO Port: 0x4008
[    0.000000] IOAPIC[0]: apic_id 2, version 32, address 0xfec00000, GSI 0-23
[    0.000000] ACPI: INT_SRC_OVR (bus 0 bus_irq 0 global_irq 2 dfl dfl)
[    0.000000] ACPI: INT_SRC_OVR (bus 0 bus_irq 9 global_irq 9 high level)
[    0.000000] Using ACPI (MADT) for SMP configuration information
[    0.000000] smpboot: Allowing 2 CPUs, 0 hotplug CPUs
[    0.000000] PM: Registered nosave memory: [mem 0x00000000-0x00000fff]
[    0.000000] PM: Registered nosave memory: [mem 0x0009f000-0x0009ffff]
[    0.000000] PM: Registered nosave memory: [mem 0x000a0000-0x000effff]
[    0.000000] PM: Registered nosave memory: [mem 0x000f0000-0x000fffff]
[    0.000000] e820: [mem 0x40000000-0xfebfffff] available for PCI devices
[    0.000000] Booting paravirtualized kernel on KVM
[    0.000000] clocksource: refined-jiffies: mask: 0xffffffff max_cycles: 0xffffffff, max_idle_ns: 7645519600211568 ns
[    0.000000] setup_percpu: NR_CPUS:512 nr_cpumask_bits:512 nr_cpu_ids:2 nr_node_ids:1
[    0.000000] PERCPU: Embedded 33 pages/cpu @ffff88003fc00000 s98264 r8192 d28712 u1048576
[    0.000000] PV qspinlock hash table entries: 256 (order: 0, 4096 bytes)
[    0.000000] Built 1 zonelists in Node order, mobility grouping on.  Total pages: 257913
[    0.000000] Policy zone: DMA32
[    0.000000] Kernel command line: BOOT_IMAGE=/boot/vmlinuz-4.4.0-92-generic root=LABEL=cloudimg-rootfs ro console=tty1 console=ttyS0
[    0.000000] PID hash table entries: 4096 (order: 3, 32768 bytes)
[    0.000000] Memory: 1001748K/1048120K available (8474K kernel code, 1294K rwdata, 3984K rodata, 1488K init, 1316K bss, 46372K reserved, 0K cma-reserved)
[    0.000000] SLUB: HWalign=64, Order=0-3, MinObjects=0, CPUs=2, Nodes=1
[    0.000000] Hierarchical RCU implementation.
[    0.000000] 	Build-time adjustment of leaf fanout to 64.
[    0.000000] 	RCU restricting CPUs from NR_CPUS=512 to nr_cpu_ids=2.
[    0.000000] RCU: Adjusting geometry for rcu_fanout_leaf=64, nr_cpu_ids=2
[    0.000000] NR_IRQS:33024 nr_irqs:440 16
[    0.000000] Console: colour VGA+ 80x25
[    0.000000] console [tty1] enabled
[    0.000000] console [ttyS0] enabled
[    0.000000] tsc: Detected 3600.014 MHz processor
[    3.317591] Calibrating delay loop (skipped) preset value.. 7200.02 BogoMIPS (lpj=14400056)
[    3.337218] pid_max: default: 32768 minimum: 301
[    3.337871] ACPI: Core revision 20150930
[    3.339158] ACPI: 2 ACPI AML tables successfully acquired and loaded
[    3.340037] Security Framework initialized
[    3.340587] Yama: becoming mindful.
[    3.341145] AppArmor: AppArmor initialized
[    3.341760] Dentry cache hash table entries: 131072 (order: 8, 1048576 bytes)
[    3.342705] Inode-cache hash table entries: 65536 (order: 7, 524288 bytes)
[    3.347966] Mount-cache hash table entries: 2048 (order: 2, 16384 bytes)
[    3.515841] Mountpoint-cache hash table entries: 2048 (order: 2, 16384 bytes)
[    3.683997] Initializing cgroup subsys io
[    3.782506] Initializing cgroup subsys memory
[    3.783200] Initializing cgroup subsys devices
[    3.783791] Initializing cgroup subsys freezer
[    3.805845] Initializing cgroup subsys net_cls
[    3.888650] Initializing cgroup subsys perf_event
[    3.942733] Initializing cgroup subsys net_prio
[    3.943385] Initializing cgroup subsys hugetlb
[    3.943954] Initializing cgroup subsys pids
[    3.944686] CPU: Physical Processor ID: 0
[    3.945375] CPU: Processor Core ID: 0
[    4.034139] mce: CPU supports 0 MCE banks
[    4.139864] Last level iTLB entries: 4KB 1024, 2MB 1024, 4MB 1024
[    4.286377] Last level dTLB entries: 4KB 1024, 2MB 1024, 4MB 1024, 1GB 4
[    4.417671] Freeing SMP alternatives memory: 32K (ffffffff820b9000 - ffffffff820c1000)
[    4.584523] ftrace: allocating 32131 entries in 126 pages
[    4.717461] smpboot: APIC(0) Converting physical 0 to logical package 0
[    4.814828] smpboot: Max logical packages: 1
[    4.907686] x2apic enabled
[    4.918503] Switched APIC routing to physical x2apic.
[    4.920066] ..TIMER: vector=0x30 apic1=0 pin1=2 apic2=-1 pin2=-1
[    5.109427] smpboot: CPU0: Intel(R) Core(TM) i7-4790 CPU @ 3.60GHz (family: 0x6, model: 0x3c, stepping: 0x3)
[    5.359797] Performance Events: unsupported p6 CPU model 60 no PMU driver, software events only.
[    5.583478] KVM setup paravirtual spinlock
[    5.704921] x86: Booting SMP configuration:
[    5.815747] .... node  #0, CPUs:      #1
[    5.874585] kvm-clock: cpu 1, msr 0:3ffe3041, secondary cpu clock
[    5.877373] mce: CPU supports 0 MCE banks
[    5.901491] x86: Booted up 1 node, 2 CPUs
[    6.008306] smpboot: Total of 2 processors activated (14400.05 BogoMIPS)
[    6.178457] devtmpfs: initialized
[    6.251290] evm: security.selinux
[    6.334603] evm: security.SMACK64
[    6.429127] evm: security.SMACK64EXEC
[    6.506087] evm: security.SMACK64TRANSMUTE
[    6.535723] evm: security.SMACK64MMAP
[    6.536225] evm: security.ima
[    6.536684] evm: security.capability
[    6.537456] clocksource: jiffies: mask: 0xffffffff max_cycles: 0xffffffff, max_idle_ns: 7645041785100000 ns
[    6.735981] futex hash table entries: 512 (order: 3, 32768 bytes)
[    6.886254] pinctrl core: initialized pinctrl subsystem
[    6.906042] RTC time: 21:04:15, date: 08/25/17
[    7.012579] NET: Registered protocol family 16
[    7.129047] cpuidle: using governor ladder
[    7.221921] cpuidle: using governor menu
[    7.297584] PCCT header not found.
[    7.380454] ACPI: bus type PCI registered
[    7.454717] acpiphp: ACPI Hot Plug PCI Controller Driver version: 0.5
[    7.508806] PCI: Using configuration type 1 for base access
[    7.526268] ACPI: Added _OSI(Module Device)
[    7.635448] ACPI: Added _OSI(Processor Device)
[    7.741010] ACPI: Added _OSI(3.0 _SCP Extensions)
[    7.862088] ACPI: Added _OSI(Processor Aggregator Device)
[    7.966052] ACPI: Executed 1 blocks of module-level executable AML code
[    8.140775] ACPI: Interpreter enabled
[    8.249709] ACPI: (supports S0 S5)
[    8.343477] ACPI: Using IOAPIC for interrupt routing
[    8.474474] PCI: Using host bridge windows from ACPI; if necessary, use "pci=nocrs" and report a bug
[    8.619764] ACPI: PCI Root Bridge [PCI0] (domain 0000 [bus 00-ff])
[    8.620511] acpi PNP0A03:00: _OSC: OS supports [ASPM ClockPM Segments MSI]
[    8.621332] acpi PNP0A03:00: _OSC failed (AE_NOT_FOUND); disabling ASPM
[    8.723449] acpi PNP0A03:00: fail to add MMCONFIG information, can't access extended PCI configuration space under this bridge.
[    8.769789] PCI host bridge to bus 0000:00
[    8.869858] pci_bus 0000:00: root bus resource [io  0x0000-0x0cf7 window]
[    9.002732] pci_bus 0000:00: root bus resource [io  0x0d00-0xffff window]
[    9.003663] pci_bus 0000:00: root bus resource [mem 0x000a0000-0x000bffff window]
[    9.004843] pci_bus 0000:00: root bus resource [mem 0x40000000-0xffdfffff window]
[    9.023389] pci_bus 0000:00: root bus resource [bus 00-ff]
[    9.155365] pci 0000:00:01.1: legacy IDE quirk: reg 0x10: [io  0x01f0-0x01f7]
[    9.309603] pci 0000:00:01.1: legacy IDE quirk: reg 0x14: [io  0x03f6]
[    9.330933] pci 0000:00:01.1: legacy IDE quirk: reg 0x18: [io  0x0170-0x0177]
[    9.470565] pci 0000:00:01.1: legacy IDE quirk: reg 0x1c: [io  0x0376]
[    9.606887] pci 0000:00:07.0: quirk: [io  0x4000-0x403f] claimed by PIIX4 ACPI
[    9.682014] pci 0000:00:07.0: quirk: [io  0x4100-0x410f] claimed by PIIX4 SMB
[    9.695322] ACPI: PCI Interrupt Link [LNKA] (IRQs 5 9 10 *11)
[    9.828568] ACPI: PCI Interrupt Link [LNKB] (IRQs 5 9 10 *11)
[    9.957857] ACPI: PCI Interrupt Link [LNKC] (IRQs 5 9 *10 11)
[   10.072255] ACPI: PCI Interrupt Link [LNKD] (IRQs 5 *9 10 11)
[   10.146005] ACPI: Enabled 2 GPEs in block 00 to 07
[   10.152709] vgaarb: setting as boot device: PCI:0000:00:02.0
[   10.252800] vgaarb: device added: PCI:0000:00:02.0,decodes=io+mem,owns=io+mem,locks=none
[   10.253940] vgaarb: loaded
[   10.254395] vgaarb: bridge control possible 0000:00:02.0
[   10.270620] SCSI subsystem initialized
[   10.271291] ACPI: bus type USB registered
[   10.371032] usbcore: registered new interface driver usbfs
[   10.373316] usbcore: registered new interface driver hub
[   10.386695] usbcore: registered new device driver usb
[   10.387601] PCI: Using ACPI for IRQ routing
[   10.475704] NetLabel: Initializing
[   10.565331] NetLabel:  domain hash size = 128
[   10.611353] NetLabel:  protocols = UNLABELED CIPSOv4
[   10.612141] NetLabel:  unlabeled traffic allowed by default
[   10.744307] amd_nb: Cannot enumerate AMD northbridges
[   10.829236] clocksource: Switched to clocksource kvm-clock
[   10.885873] AppArmor: AppArmor Filesystem Enabled
[   11.030420] pnp: PnP ACPI init
[   11.115782] pnp: PnP ACPI: found 3 devices
[   11.243118] clocksource: acpi_pm: mask: 0xffffff max_cycles: 0xffffff, max_idle_ns: 2085701024 ns
[   11.534548] NET: Registered protocol family 2
[   11.661348] TCP established hash table entries: 8192 (order: 4, 65536 bytes)
[   11.883979] TCP bind hash table entries: 8192 (order: 5, 131072 bytes)
[   11.952516] TCP: Hash tables configured (established 8192 bind 8192)
[   11.985478] UDP hash table entries: 512 (order: 2, 16384 bytes)
[   11.986319] UDP-Lite hash table entries: 512 (order: 2, 16384 bytes)
[   12.011334] NET: Registered protocol family 1
[   12.020756] pci 0000:00:00.0: Limiting direct PCI/PCI transfers
[   12.021520] pci 0000:00:01.0: Activating ISA DMA hang workarounds
[   12.026257] Unpacking initramfs...
[   13.611226] Freeing initrd memory: 10828K (ffff880036aca000 - ffff88003755d000)
[   13.675760] RAPL PMU detected, API unit is 2^-32 Joules, 4 fixed counters 10737418240 ms ovfl timer
[   13.713963] hw unit of domain pp0-core 2^-0 Joules
[   13.798141] hw unit of domain package 2^-0 Joules
[   13.891872] hw unit of domain dram 2^-0 Joules
[   13.898694] hw unit of domain pp1-gpu 2^-0 Joules
[   13.899392] platform rtc_cmos: registered platform RTC device (no PNP device found)
[   13.900511] Scanning for low memory corruption every 60 seconds
[   13.901604] audit: initializing netlink subsys (disabled)
[   13.986566] audit: type=2000 audit(1503695058.202:1): initialized
[   14.025366] Initialise system trusted keyring
[   14.043333] HugeTLB registered 2 MB page size, pre-allocated 0 pages
[   14.156680] zbud: loaded
[   14.207443] VFS: Disk quotas dquot_6.6.0
[   14.234842] VFS: Dquot-cache hash table entries: 512 (order 0, 4096 bytes)
[   14.235888] squashfs: version 4.0 (2009/01/31) Phillip Lougher
[   14.304319] fuse init (API version 7.23)
[   14.304977] Key type big_key registered
[   14.305535] Allocating IMA MOK and blacklist keyrings.
[   14.329664] Key type asymmetric registered
[   14.333470] Asymmetric key parser 'x509' registered
[   14.337513] Block layer SCSI generic (bsg) driver version 0.4 loaded (major 249)
[   14.338575] io scheduler noop registered
[   14.341086] io scheduler deadline registered (default)
[   14.341797] io scheduler cfq registered
[   14.342409] pci_hotplug: PCI Hot Plug PCI Core version: 0.5
[   14.343143] pciehp: PCI Express Hot Plug Controller Driver version: 0.4
[   14.344068] ACPI: AC Adapter [AC] (on-line)
[   14.351134] input: Power Button as /devices/LNXSYSTM:00/LNXPWRBN:00/input/input0
[   14.352133] ACPI: Power Button [PWRF]
[   14.352711] input: Sleep Button as /devices/LNXSYSTM:00/LNXSLPBN:00/input/input1
[   14.353854] ACPI: Sleep Button [SLPF]
[   14.356026] GHES: HEST is not enabled!
[   14.356693] Serial: 8250/16550 driver, 32 ports, IRQ sharing enabled
[   14.378953] 00:02: ttyS0 at I/O 0x3f8 (irq = 4, base_baud = 115200) is a 16550A
[   14.522767] Linux agpgart interface v0.103
[   14.581696] loop: module loaded
[   14.584575] scsi host0: ata_piix
[   14.615764] scsi host1: ata_piix
[   14.620561] ata1: PATA max UDMA/33 cmd 0x1f0 ctl 0x3f6 bmdma 0xd000 irq 14
[   14.650983] ata2: PATA max UDMA/33 cmd 0x170 ctl 0x376 bmdma 0xd008 irq 15
[   14.651923] libphy: Fixed MDIO Bus: probed
[   14.725912] tun: Universal TUN/TAP device driver, 1.6
[   14.811856] tun: (C) 1999-2004 Max Krasnyansky <maxk@qualcomm.com>
[   14.869850] PPP generic driver version 2.4.2
[   14.893914] ehci_hcd: USB 2.0 'Enhanced' Host Controller (EHCI) Driver
[   14.992669] tsc: Refined TSC clocksource calibration: 3599.279 MHz
[   15.042110] clocksource: tsc: mask: 0xffffffffffffffff max_cycles: 0x33e1aab216d, max_idle_ns: 440795357198 ns
[   15.042154] ehci-pci: EHCI PCI platform driver
[   15.042177] ehci-platform: EHCI generic platform driver
[   15.042188] ohci_hcd: USB 1.1 'Open' Host Controller (OHCI) Driver
[   15.042191] ohci-pci: OHCI PCI platform driver
[   15.042197] ohci-platform: OHCI generic platform driver
[   15.042203] uhci_hcd: USB Universal Host Controller Interface driver
[   15.042248] i8042: PNP: PS/2 Controller [PNP0303:PS2K,PNP0f03:PS2M] at 0x60,0x64 irq 1,12
[   15.042636] serio: i8042 KBD port at 0x60,0x64 irq 1
[   15.042640] serio: i8042 AUX port at 0x60,0x64 irq 12
[   15.065494] mousedev: PS/2 mouse device common for all mice
[   15.065735] input: AT Translated Set 2 keyboard as /devices/platform/i8042/serio0/input/input2
[   15.066009] rtc_cmos rtc_cmos: rtc core: registered rtc_cmos as rtc0
[   15.066052] rtc_cmos rtc_cmos: alarms up to one day, 114 bytes nvram
[   15.066057] i2c /dev entries driver
[   15.066098] device-mapper: uevent: version 1.0.3
[   15.066137] device-mapper: ioctl: 4.34.0-ioctl (2015-10-28) initialised: dm-devel@redhat.com
[   15.066152] ledtrig-cpu: registered to indicate activity on CPUs
[   15.114990] NET: Registered protocol family 10
[   15.115088] NET: Registered protocol family 17
[   15.115094] Key type dns_resolver registered
[   15.115244] microcode: CPU0 sig=0x306c3, pf=0x40, revision=0x0
[   15.199553] microcode: CPU1 sig=0x306c3, pf=0x40, revision=0x0
[   15.199621] microcode: Microcode Update Driver: v2.01 <tigran@aivazian.fsnet.co.uk>, Peter Oruba
[   15.199718] registered taskstats version 1
[   15.199730] Loading compiled-in X.509 certificates
[   15.200216] Loaded X.509 cert 'Build time autogenerated kernel key: 01a2b0d0dba8d37a863918580fc16590a7d146c8'
[   15.200232] zswap: loaded using pool lzo/zbud
[   15.201185] Key type trusted registered
[   15.202752] Key type encrypted registered
[   15.202755] AppArmor: AppArmor sha1 policy hashing enabled
[   15.202757] ima: No TPM chip found, activating TPM-bypass!
[   15.202768] evm: HMAC attrs: 0x1
[   15.202948]   Magic number: 13:632:96
[   15.246357] rtc_cmos rtc_cmos: setting system clock to 2017-08-25 21:04:23 UTC (1503695063)
[   15.246453] BIOS EDD facility v0.16 2004-Jun-25, 0 devices found
[   15.246453] EDD information not available.
[   17.096454] Freeing unused kernel memory: 1488K (ffffffff81f45000 - ffffffff820b9000)
[   17.335663] Write protecting the kernel read-only data: 14336k
[   17.336904] Freeing unused kernel memory: 1752K (ffff88000184a000 - ffff880001a00000)
[   17.338184] Freeing unused kernel memory: 112K (ffff880001de4000 - ffff880001e00000)
Loading, please [   17.514111] random: systemd-udevd: uninitialized urandom read (16 bytes read, 3 bits of entropy available)
wait...
startin[   17.514545] random: udevadm: uninitialized urandom read (16 bytes read, 3 bits of entropy available)
g version 229
[   17.514568] random: udevadm: uninitialized urandom read (16 bytes read, 3 bits of entropy available)
[   17.514647] random: udevadm: uninitialized urandom read (16 bytes read, 3 bits of entropy available)
[   17.514674] random: udevadm: uninitialized urandom read (16 bytes read, 3 bits of entropy available)
[   17.514701] random: udevadm: uninitialized urandom read (16 bytes read, 3 bits of entropy available)
[   17.514727] random: udevadm: uninitialized urandom read (16 bytes read, 3 bits of entropy available)
[   17.514763] random: udevadm: uninitialized urandom read (16 bytes read, 3 bits of entropy available)
[   17.514791] random: udevadm: uninitialized urandom read (16 bytes read, 3 bits of entropy available)
[   17.514857] random: udevadm: uninitialized urandom read (16 bytes read, 3 bits of entropy available)
[   18.718309] e1000: Intel(R) PRO/1000 Network Driver - version 7.3.21-k8-NAPI
[   18.727716] e1000: Copyright (c) 1999-2006 Intel Corporation.
[   18.751708] Fusion MPT base driver 3.04.20
[   18.752290] Copyright (c) 1999-2008 LSI Corporation
[   18.755810] Fusion MPT SPI Host driver 3.04.20
[   18.836244] AVX version of gcm_enc/dec engaged.
[   18.864960] AES CTR mode by8 optimization enabled
[   19.072012] input: ImExPS/2 Generic Explorer Mouse as /devices/platform/i8042/serio1/input/input4
[   19.153375] e1000 0000:00:03.0 eth0: (PCI:33MHz:32-bit) 02:2b:21:2a:21:0d
[   19.251697] e1000 0000:00:03.0 eth0: Intel(R) PRO/1000 Network Connection
[   19.408723] e1000 0000:00:03.0 enp0s3: renamed from eth0
[   19.490739] mptbase: ioc0: Initiating bringup
[   19.621700] ioc0: LSI53C1030 A0: Capabilities={Initiator}
[   19.904369] scsi host2: ioc0: LSI53C1030 A0, FwRev=00000000h, Ports=1, MaxQ=256, IRQ=20
[   20.273677] scsi 2:0:0:0: Direct-Access     VBOX     HARDDISK         1.0  PQ: 0 ANSI: 5
[   20.369544] scsi target2:0:0: Beginning Domain Validation
[   20.379223] scsi target2:0:0: Domain Validation skipping write tests
[   20.446568] scsi target2:0:0: Ending Domain Validation
[   20.505232] scsi target2:0:0: asynchronous
[   20.579007] scsi 2:0:1:0: Direct-Access     VBOX     HARDDISK         1.0  PQ: 0 ANSI: 5
[   20.749221] scsi target2:0:1: Beginning Domain Validation
[   20.804651] scsi target2:0:1: Domain Validation skipping write tests
[   20.896550] scsi target2:0:1: Ending Domain Validation
[   21.004089] scsi target2:0:1: asynchronous
[   21.100843] sd 2:0:0:0: [sda] 20971520 512-byte logical blocks: (10.7 GB/10.0 GiB)
[   21.108227] sd 2:0:0:0: Attached scsi generic sg0 type 0
[   21.108250] sd 2:0:0:0: [sda] Write Protect is off
[   21.108319] sd 2:0:0:0: [sda] Incomplete mode parameter data
[   21.108320] sd 2:0:0:0: [sda] Assuming drive cache: write through
[   21.108895]  sda: sda1
[   21.109215] sd 2:0:0:0: [sda] Attached SCSI disk
[   21.460818] sd 2:0:1:0: Attached scsi generic sg1 type 0
[   21.460937] sd 2:0:1:0: [sdb] 20480 512-byte logical blocks: (10.5 MB/10.0 MiB)
[   21.461018] sd 2:0:1:0: [sdb] Write Protect is off
[   21.461070] sd 2:0:1:0: [sdb] Incomplete mode parameter data
[   21.461070] sd 2:0:1:0: [sdb] Assuming drive cache: write through
[   21.482323] sd 2:0:1:0: [sdb] Attached SCSI disk
[   21.875476] floppy0: no floppy controllers found
Begin: Loading e[   23.251137] md: linear personality registered for level -1
ssential drivers[   23.388022] md: multipath personality registered for level -4
 ... [   23.420666] md: raid0 personality registered for level 0
[   23.550600] md: raid1 personality registered for level 1
[   23.733471] raid6: sse2x1   gen() 10539 MB/s
[   23.893267] raid6: sse2x1   xor()  8704 MB/s
[   24.053359] raid6: sse2x2   gen() 14023 MB/s
[   24.173436] raid6: sse2x2   xor()  9532 MB/s
[   24.341442] raid6: sse2x4   gen() 17023 MB/s
[   24.501604] raid6: sse2x4   xor() 11697 MB/s
[   24.516795] raid6: using algorithm sse2x4 gen() 17023 MB/s
[   24.611194] raid6: .... xor() 11697 MB/s, rmw enabled
[   24.615029] raid6: using ssse3x2 recovery algorithm
[   24.616843] xor: automatically using best checksumming function:
[   24.721698]    avx       : 23449.000 MB/sec
[   24.801522] async_tx: api initialized (async)
[   24.894972] md: raid6 personality registered for level 6
[   24.939152] md: raid5 personality registered for level 5
[   24.939821] md: raid4 personality registered for level 4
[   24.944117] md: raid10 personality registered for level 10
done.
Begin: Running /scripts/init-premount ... done.
Begin: Mounting root file system ... Begin: Running /scripts/local-top ... done.
Begin: Running /scripts/local-premount ... [   25.045090] Btrfs loaded
Scanning for Btrfs filesystems
done.
Warning: fsck no[   25.087660] EXT4-fs (sda1): INFO: recovery required on readonly filesystem
t present, so skipping root file system
[   25.132933] EXT4-fs (sda1): write access will be enabled during recovery
[   25.296317] EXT4-fs (sda1): orphan cleanup on readonly fs
[   25.305236] EXT4-fs (sda1): 1 orphan inode deleted
[   25.305889] EXT4-fs (sda1): recovery complete
[   25.307512] EXT4-fs (sda1): mounted filesystem with ordered data mode. Opts: (null)
done.
Begin: Running /scripts/local-bottom ... done.
Begin: Running /scripts/init-bottom ... done.
[   25.675403] random: nonblocking pool is initialized
[   25.838295] systemd[1]: systemd 229 running in system mode. (+PAM +AUDIT +SELINUX +IMA +APPARMOR +SMACK +SYSVINIT +UTMP +LIBCRYPTSETUP +GCRYPT +GNUTLS +ACL +XZ -LZ4 +SECCOMP +BLKID +ELFUTILS +KMOD -IDN)
[   25.889512] systemd[1]: Detected virtualization oracle.
[   25.910352] systemd[1]: Detected architecture x86-64.

Welcome to [1mUbuntu 16.04.3 LTS[0m!

[   25.973116] systemd[1]: Set hostname to <ubuntu-xenial>.
[   26.442646] systemd[1]: Listening on LVM2 poll daemon socket.
[[0;32m  OK  [0m] Listening on LVM2 poll daemon socket.
[   26.551453] systemd[1]: Listening on Device-mapper event daemon FIFOs.
[[0;32m  OK  [0m] Listening on Device-mapper event daemon FIFOs.
[   26.569888] systemd[1]: Listening on /dev/initctl Compatibility Named Pipe.
[[0;32m  OK  [0m] Listening on /dev/initctl Compatibility Named Pipe.
[   26.822054] systemd[1]: Created slice System Slice.
[[0;32m  OK  [0m] Created slice System Slice.
[   26.961690] systemd[1]: Listening on Journal Audit Socket.
[[0;32m  OK  [0m] Listening on Journal Audit Socket.
[   27.099495] systemd[1]: Listening on Journal Socket.
[[0;32m  OK  [0m] Listening on Journal Socket.
[   27.117871] systemd[1]: Starting Uncomplicated firewall...
         Starting Uncomplicated firewall...
[   27.259213] systemd[1]: Mounting Debug File System...
         Mounting Debug File System...
[   27.318147] systemd[1]: Starting Create list of required static device nodes for the current kernel...
         Starting Create list of required st... nodes for the current kernel...
[   27.630107] systemd[1]: Starting Load Kernel Modules...
         [   27.795148] Loading iSCSI transport class v2.0-870.
Starting Load Ke[   27.811536] iscsi: registered transport (tcp)
rnel Modules...
[   27.832204] systemd[1]: Listening on Journal Socket (/dev/log).
[[0;32m  OK  [0[   27.961342] iscsi: registered transport (iser)
m] Listening on Journal Socket (/dev/log).
[   28.062071] systemd[1]: Starting Nameserver information manager...
         Starting Nameserver information manager...
[   28.234152] systemd[1]: Listening on udev Control Socket.
[[0;32m  OK  [0m] Listening on udev Control Socket.
[   28.235814] systemd[1]: Set up automount Arbitrary Executable File Formats File System Automount Point.
[[0;32m  OK  [0m] Set up automount Arbitrary Executab...ats File System Automount Point.
[   28.248394] systemd[1]: Reached target Encrypted Volumes.
[[0;32m  OK  [0m] Reached target Encrypted Volumes.
[   28.382289] systemd[1]: Started Trigger resolvconf update for networkd DNS.
[[0;32m  OK  [0m] Started Trigger resolvconf update for networkd DNS.
[   28.475268] systemd[1]: Created slice system-serial\x2dgetty.slice.
[[0;32m  OK  [0m] Created slice system-serial\x2dgetty.slice.
[   28.477154] systemd[1]: Listening on Syslog Socket.
[[0;32m  OK  [0m] Listening on Syslog Socket.
[   28.554379] systemd[1]: Reached target Swap.
[[0;32m  OK  [0m] Reached target Swap.
[   28.749801] systemd[1]: Created slice User and Session Slice.
[[0;32m  OK  [0m] Created slice User and Session Slice.
[   28.958198] systemd[1]: Reached target Slices.
[[0;32m  OK  [0m] Reached target Slices.
[   29.110216] systemd[1]: Started Forward Password Requests to Wall Directory Watch.
[[0;32m  OK  [0m] Started Forward Password Requests to Wall Directory Watch.
[   29.365987] systemd[1]: Starting Journal Service...
         Starting Journal Service...
[   29.433108] systemd[1]: Starting Set console keymap...
         Starting Set console keymap...
[   29.534408] systemd[1]: Mounting Huge Pages File System...
         Mounting Huge Pages File System...
[   29.556387] systemd[1]: Listening on udev Kernel Socket.
[[0;32m  OK  [0m] Listening on udev Kernel Socket.
[   29.558241] systemd[1]: Listening on LVM2 metadata daemon socket.
[[0;32m  OK  [0m] Listening on LVM2 metadata daemon socket.
[   29.560455] systemd[1]: Starting Monitoring of LVM2 mirrors, snapshots etc. using dmeventd or progress polling...
         Starting Monitoring of LVM2 mirrors... dmeventd or progress polling...
[   29.809452] systemd[1]: Reached target User and Group Name Lookups.
[[0;32m  OK  [0m] Reached target User and Group Name Lookups.
[   30.030261] systemd[1]: Mounting POSIX Message Queue File System...
         Mounting POSIX Message Queue File System...
[   30.145920] systemd[1]: Starting Remount Root and Kernel File Systems...
         [   30.296727] EXT4-fs (sda1): re-mounted. Opts: (null)
Starting Remount Root and Kernel File Systems...
[   30.404098] systemd[1]: Mounted POSIX Message Queue File System.
[[0;32m  OK  [0m] Mounted POSIX Message Queue File System.
[   30.481771] systemd[1]: Mounted Debug File System.
[[0;32m  OK  [0m] Mounted Debug File System.
[   30.619611] systemd[1]: Mounted Huge Pages File System.
[[0;32m  OK  [0m] Mounted Huge Pages File System.
[   30.621227] systemd[1]: Started Journal Service.
[[0;32m  OK  [0m] Started Journal Service.
[[0;32m  OK  [0m] Started Uncomplicated firewall.
[[0;32m  OK  [0m] Started Create list of required sta...ce nodes for the current kernel.
[[0;32m  OK  [0m] Started Load Kernel Modules.
[[0;32m  OK  [0m] Started Set console keymap.
[[0;32m  OK  [0m] Started Remount Root and Kernel File Systems.
[[0;32m  OK  [0m] Started Nameserver information manager.
[[0;32m  OK  [0m] Started LVM2 metadata daemon.
         Starting Load/Save Random Seed...
         Starting udev Coldplug all Devices...
         Starting Initial cloud-init job (pre-networking)...
         Starting Apply Kernel Variables...
         Mounting FUSE Control File System...
         Starting Create Static Device Nodes in /dev...
         Starting Flush Journal to Persistent Storage...
[[0;32m  OK  [0m] Mounted FUSE Control File System.
[[0;32m  OK  [0m] Started Load/Save Random Seed.
[[0;32m  OK  [0m] Started Apply Kernel Variables.
[[0;32m  OK  [0m] Started Create Static Device Nodes in /dev.
[[0;32m  OK  [0m] Started Monitoring of LVM2 mirrors,...ng dmeventd or progress polling.
[[0;32m  OK  [0m] Started udev Coldplug all Devices.
         Starting udev Kernel Device Manager...
[[0;32m  OK  [0m] Started Flush Journal to Persistent Storage.
[[0;32m  OK  [0m] Started udev Kernel Device Manager.
[[0;32m  OK  [0m] Started Dispatch Password Requests to Console Directory Watch.
[[0;32m  OK  [0m] Reached target Local File Systems (Pre).
[[0;32m  OK  [0m] Reached target Local File Systems.
         Starting Create Volatile Files and Directories...
         Starting Set console font and keymap...
         Starting Tell Plymouth To Write Out Runtime Data...
         Starting LSB: AppArmor initialization...
[[0;32m  OK  [0m] Started Create Volatile Files and Directories.
[[0;32m  OK  [0m] Started Tell Plymouth To Write Out Runtime Data.
[[0;32m  OK  [0m] Found device /dev/ttyS0.
         Starting Update UTMP about System Boot/Shutdown...
[[0;32m  OK  [0m] Reached target System Time Synchronized.
[[0;32m  OK  [0m] Started Update UTMP about System Boot/Shutdown.
[[0;32m  OK  [0m] Found device 82540EM Gigabit Ethern...r (PRO/1000 MT Desktop Adapter).
[[0;32m  OK  [0m] Started Set console font and keymap.
[[0;32m  OK  [0m] Listening on Load/Save RF Kill Switch Status /dev/rfkill Watch.
[[0;32m  OK  [0m] Created slice system-getty.slice.
[[0;32m  OK  [0m] Started LSB: AppArmor initialization.
[   23.130211] cloud-init[445]: Cloud-init v. 0.7.9 running 'init-local' at Fri, 25 Aug 2017 21:04:41 +0000. Up 22.86 seconds.
[[0;32m  OK  [0m] Started Initial cloud-init job (pre-networking).
[[0;32m  OK  [0m] Reached target Network (Pre).
         Starting Raise network interfaces...
[[0;32m  OK  [0m] Started ifup for enp0s3.
[[0;32m  OK  [0m] Started Raise network interfaces.
         Starting Initial cloud-init job (metadata service crawler)...
[[0;32m  OK  [0m] Reached target Network.
[   25.182103] cloud-init[959]: Cloud-init v. 0.7.9 running 'init' at Fri, 25 Aug 2017 21:04:43 +0000. Up 24.89 seconds.
[   25.257046] cloud-init[959]: ci-info: +++++++++++++++++++++++++++++++++++++Net device info++++++++++++++++++++++++++++++++++++++
[   25.257457] cloud-init[959]: ci-info: +--------+------+----------------------------+---------------+-------+-------------------+
[[0;32m  OK  [0m] Started Initial cloud-init job (metadata service crawler).
[   25.257651] cloud-init[959]: ci-info: | Device |  Up  |          Address           |      Mask     | Scope |     Hw-Address    |
[   25.560729] cloud-init[959]: ci-info: +--------+------+----------------------------+---------------+-------+-------------------+
[   25.560933] cloud-init[959]: ci-info: | enp0s3 | True |         10.0.2.15          | 255.255.255.0 |   .   | 02:2b:21:2a:21:0d |
[[0;32m  OK  [0m] Reached target System Initialization.
[[   25.561050] cloud-init[959]: ci-info: | enp0s3 | True | fe80::2b:21ff:fe2a:210d/64 |       .       |  link | 02:2b:21:2a:21:0d |
[   25.629434] cloud-init[959]: ci-info: |   lo   | True |         127.0.0.1          |   255.0.0.0   |   .   |         .         |
[0;32m  OK  [0m] Started Daily Cleanup of Temporary Directories.
[[   25.629519] cloud-init[959]: ci-info: |   lo   | True |          ::1/128           |       .       |  host |         .         |
[   25.704093] cloud-init[959]: ci-info: +--------+------+----------------------------+---------------+-------+-------------------+
[   25.704130] cloud-init[959]: ci-info: +++++++++++++++++++++++++++Route IPv4 info++++++++++++++++++++++++++++
[   25.704220] cloud-init[959]: ci-info: +-------+-------------+----------+---------------+-----------+-------+
[   25.704314] cloud-init[959]: ci-info: | Route | Destination | Gateway  |    Genmask    | Interface | Flags |
[   25.704413] cloud-init[959]: ci-info: +-------+-------------+----------+---------------+-----------+-------+
[   25.704502] cloud-init[959]: ci-info: |   0   |   0.0.0.0   | 10.0.2.2 |    0.0.0.0    |   enp0s3  |   UG  |
[   25.704595] cloud-init[959]: ci-info: |   1   |   10.0.2.0  | 0.0.0.0  | 255.255.255.0 |   enp0s3  |   U   |
[   25.704689] cloud-init[959]: ci-info: +-------+-------------+----------+---------------+-----------+-------+
[0;32m  OK  [0m] Listening on D-Bus System Message Bus Socket.
[[0;32m  OK  [0m] Started ACPI Events Check.
[[0;32m  OK  [0m] Reached target Paths.
         Starting LXD - unix socket.
[[0;32m  OK  [0m] Started Timer to automatically refresh installed snaps.
[[0;32m  OK  [0m] Listening on ACPID Listen Socket.
         Starting Socket activation for snappy daemon.
[[0;32m  OK  [0m] Listening on UUID daemon activation socket.
[[0;32m  OK  [0m] Reached target Network is Online.
         Starting iSCSI initiator daemon (iscsid)...
[[0;32m  OK  [0m] Started Daily apt download activities.
[[0;32m  OK  [0m] Started Daily apt upgrade and clean activities.
[[0;32m  OK  [0m] Reached target Timers.
[[0;32m  OK  [0m] Reached target Cloud-config availability.
[[0;32m  OK  [0m] Listening on LXD - unix socket.
[[0;32m  OK  [0m] Listening on Socket activation for snappy daemon.
[[0;32m  OK  [0m] Reached target Sockets.
[[0;32m  OK  [0m] Reached target Basic System.
[[0;32m  OK  [0m] Started ACPI event daemon.
         Starting /etc/rc.local Compatibility...
[[0;32m  OK  [0m] Started Deferred execution scheduler.
[[0;32m  OK  [0m] Started Regular background program processing daemon.
         Starting Login Service...
         Starting vboxadd.service...
[[0;32m  OK  [0m] Started FUSE filesystem for LXC.
[[0;32m  OK  [0m] Started D-Bus System Message Bus.
         Starting LSB: Record successful boot for GRUB...
         Starting Accounts Service...
         Starting LSB: MD monitoring daemon...
         Starting Apply the settings specified in cloud-config...
         Starting System Logging Service...
         Starting vboxadd-x11.service...
         Starting OpenBSD Secure Shell server...
[[0;32m  OK  [0m] Started Snappy daemon.
         Starting Auto import assertions from block devices...
[[0;32m  OK  [0m] Started Unattended Upgrades Shutdown.
         Starting LXD - container startup/shutdown...
[[0;32m  OK  [0m] Started System Logging Service.
[[0;32m  OK  [0m] Started iSCSI initiator daemon (iscsid).
[[0;32m  OK  [0m] Started /etc/rc.local Compatibility.
[[0;32m  OK  [0m] Started vboxadd.service.
[[0;32m  OK  [0m] Started vboxadd-x11.service.
[[0;32m  OK  [0m] Started Auto import assertions from block devices.
[   27.712551] cloud-init[1094]: Cloud-init v. 0.7.9 running 'modules:config' at Fri, 25 Aug 2017 21:04:46 +0000. Up 27.49 seconds.
[[0;32m  OK  [0m] Started Login Service.
[[0;32m  OK  [0m] Started LSB: Record successful boot for GRUB.
[[0;32m  OK  [0m] Started Apply the settings specified in cloud-config.
[[0;32m  OK  [0m] Started LSB: MD monitoring daemon.
[[0;32m  OK  [0m] Started OpenBSD Secure Shell server.
         Starting Authenticate and Authorize Users to Run Privileged Tasks...
         Starting vboxadd-service.service...
         Starting Login to default iSCSI targets...
[[0;32m  OK  [0m] Started vboxadd-service.service.
[[0;32m  OK  [0m] Started Authenticate and Authorize Users to Run Privileged Tasks.
[[0;32m  OK  [0m] Started Accounts Service.
[[0;32m  OK  [0m] Started Login to default iSCSI targets.
[[0;32m  OK  [0m] Reached target Remote File Systems (Pre).
[[0;32m  OK  [0m] Reached target Remote File Systems.
         Starting LSB: automatic crash report generation...
         Starting LSB: daemon to balance interrupts for SMP systems...
         Starting Permit User Sessions...
         Starting LSB: Set the CPU Frequency Scaling governor to "ondemand"...
[[0;32m  OK  [0m] Started LXD - container startup/shutdown.
[[0;32m  OK  [0m] Started Permit User Sessions.
         Starting Terminate Plymouth Boot Screen...
         Starting Hold until boot process finishes up...
[[0;32m  OK  [0m] Started LSB: automatic crash report generation.
[[0;32m  OK  [0m] Started LSB: daemon to balance interrupts for SMP systems.
[[0;32m  OK  [0m] Started LSB: Set the CPU Frequency Scaling governor to "ondemand".
[[0;32m  OK  [0m] Started Terminate Plymouth Boot Screen.
[[0;32m  OK  [0m] Started Hold until boot process finishes up.
[[0;32m  OK  [0m] Started Serial Getty on ttyS0.
         Starting Set console scheme...
[[0;32m  OK  [0m] Started Getty on tty1.
[[0;32m  OK  [0m] Reached target Login Prompts.
[[0;32m  OK  [0m] Reached target Multi-User System.
         Starting Execute cloud user/final scripts...
[[0;32m  OK  [0m] Reached target Graphical Interface.
         Starting Update UTMP about System Runlevel Changes...
[[0;32m  OK  [0m] Started Set console scheme.
[[0;32m  OK  [0m] Started Update UTMP about System Runlevel Changes.
[   29.673226] cloud-init[1258]: Cloud-init v. 0.7.9 running 'modules:final' at Fri, 25 Aug 2017 21:04:48 +0000. Up 29.57 seconds.
[   29.800556] cloud-init[1258]: Cloud-init v. 0.7.9 finished at Fri, 25 Aug 2017 21:04:48 +0000. Datasource DataSourceNoCloud [seed=/dev/sdb][dsmode=net].  Up 29.66 seconds
[[0;32m  OK  [0m] Started Execute cloud user/final scripts.
         Starting Daily apt download activities...
[[0;32m  OK  [0m] Reached target Cloud-init target.
[[0;32m  OK  [0m] Started Daily apt download activities.
         Starting Daily apt upgrade and clean activities...
[[0;32m  OK  [0m] Created slice User Slice of ubuntu.
         Starting User Manager for UID 1000...
[[0;32m  OK  [0m] Started Session 1 of user ubuntu.
[[0;32m  OK  [0m] Started User Manager for UID 1000.
[[0;32m  OK  [0m] Started Daily apt upgrade and clean activities.

Ubuntu 16.04.3 LTS ubuntu-xenial ttyS0

ubuntu-xenial login: 